// Jest Snapshot v1, https://goo.gl/fbAQLP

exports[`Footer renders correctly 1`] = `
Object {
  "asFragment": [Function],
  "baseElement": <body>
    <div>
      <footer
        class="footer"
      >
        <div
          class="row"
        >
          <ul
            class="footerLinks"
          >
            <li>
              <a
                href=""
              >
                Terms and Conditions
              </a>
            </li>
            <li>
              <a
                href=""
              >
                Help
              </a>
            </li>
            <li>
              <a
                href=""
              >
                Legal Information
              </a>
            </li>
            <li>
              <a
                href=""
              >
                Privacy and Cookies
              </a>
            </li>
          </ul>
        </div>
        <div
          class="row"
        >
          <ul
            class="footerLinks"
          >
            <li>
              <a
                href=""
              >
                 Committed to Safer Gambling
              </a>
            </li>
          </ul>
        </div>
      </footer>
    </div>
  </body>,
  "container": <div>
    <footer
      class="footer"
    >
      <div
        class="row"
      >
        <ul
          class="footerLinks"
        >
          <li>
            <a
              href=""
            >
              Terms and Conditions
            </a>
          </li>
          <li>
            <a
              href=""
            >
              Help
            </a>
          </li>
          <li>
            <a
              href=""
            >
              Legal Information
            </a>
          </li>
          <li>
            <a
              href=""
            >
              Privacy and Cookies
            </a>
          </li>
        </ul>
      </div>
      <div
        class="row"
      >
        <ul
          class="footerLinks"
        >
          <li>
            <a
              href=""
            >
               Committed to Safer Gambling
            </a>
          </li>
        </ul>
      </div>
    </footer>
  </div>,
  "debug": [Function],
  "findAllByAltText": [Function],
  "findAllByDisplayValue": [Function],
  "findAllByLabelText": [Function],
  "findAllByPlaceholderText": [Function],
  "findAllByRole": [Function],
  "findAllByTestId": [Function],
  "findAllByText": [Function],
  "findAllByTitle": [Function],
  "findByAltText": [Function],
  "findByDisplayValue": [Function],
  "findByLabelText": [Function],
  "findByPlaceholderText": [Function],
  "findByRole": [Function],
  "findByTestId": [Function],
  "findByText": [Function],
  "findByTitle": [Function],
  "getAllByAltText": [Function],
  "getAllByDisplayValue": [Function],
  "getAllByLabelText": [Function],
  "getAllByPlaceholderText": [Function],
  "getAllByRole": [Function],
  "getAllByTestId": [Function],
  "getAllByText": [Function],
  "getAllByTitle": [Function],
  "getByAltText": [Function],
  "getByDisplayValue": [Function],
  "getByLabelText": [Function],
  "getByPlaceholderText": [Function],
  "getByRole": [Function],
  "getByTestId": [Function],
  "getByText": [Function],
  "getByTitle": [Function],
  "queryAllByAltText": [Function],
  "queryAllByDisplayValue": [Function],
  "queryAllByLabelText": [Function],
  "queryAllByPlaceholderText": [Function],
  "queryAllByRole": [Function],
  "queryAllByTestId": [Function],
  "queryAllByText": [Function],
  "queryAllByTitle": [Function],
  "queryByAltText": [Function],
  "queryByDisplayValue": [Function],
  "queryByLabelText": [Function],
  "queryByPlaceholderText": [Function],
  "queryByRole": [Function],
  "queryByTestId": [Function],
  "queryByText": [Function],
  "queryByTitle": [Function],
  "rerender": [Function],
  "unmount": [Function],
}
`;
